Archive member included to satisfy reference by file (symbol)

d:/tools/armnoneeabi/bin/../lib/gcc/arm-none-eabi/9.3.1/thumb/v6-m/nofp\libgcc.a(_udivsi3.o)
                              ./obj/timer.o (__aeabi_uidiv)
d:/tools/armnoneeabi/bin/../lib/gcc/arm-none-eabi/9.3.1/thumb/v6-m/nofp\libgcc.a(_divsi3.o)
                              ./obj/printf.o (__aeabi_idiv)
d:/tools/armnoneeabi/bin/../lib/gcc/arm-none-eabi/9.3.1/thumb/v6-m/nofp\libgcc.a(_dvmd_tls.o)
                              d:/tools/armnoneeabi/bin/../lib/gcc/arm-none-eabi/9.3.1/thumb/v6-m/nofp\libgcc.a(_udivsi3.o) (__aeabi_idiv0)
d:/tools/armnoneeabi/bin/../lib/gcc/arm-none-eabi/9.3.1/thumb/v6-m/nofp\libgcc.a(_arm_cmpdf2.o)
                              ./obj/printf.o (__aeabi_dcmplt)
d:/tools/armnoneeabi/bin/../lib/gcc/arm-none-eabi/9.3.1/thumb/v6-m/nofp\libgcc.a(_arm_cmpsf2.o)
                              ./obj/timer.o (__aeabi_fcmple)
d:/tools/armnoneeabi/bin/../lib/gcc/arm-none-eabi/9.3.1/thumb/v6-m/nofp\libgcc.a(_aeabi_uldivmod.o)
                              ./obj/printf.o (__aeabi_uldivmod)
d:/tools/armnoneeabi/bin/../lib/gcc/arm-none-eabi/9.3.1/thumb/v6-m/nofp\libgcc.a(_fixunssfsi.o)
                              ./obj/timer.o (__aeabi_f2uiz)
d:/tools/armnoneeabi/bin/../lib/gcc/arm-none-eabi/9.3.1/thumb/v6-m/nofp\libgcc.a(_fixunsdfsi.o)
                              ./obj/printf.o (__aeabi_d2uiz)
d:/tools/armnoneeabi/bin/../lib/gcc/arm-none-eabi/9.3.1/thumb/v6-m/nofp\libgcc.a(_fixunsdfdi.o)
                              ./obj/printf.o (__aeabi_d2ulz)
d:/tools/armnoneeabi/bin/../lib/gcc/arm-none-eabi/9.3.1/thumb/v6-m/nofp\libgcc.a(_udivmoddi4.o)
                              d:/tools/armnoneeabi/bin/../lib/gcc/arm-none-eabi/9.3.1/thumb/v6-m/nofp\libgcc.a(_aeabi_uldivmod.o) (__udivmoddi4)
d:/tools/armnoneeabi/bin/../lib/gcc/arm-none-eabi/9.3.1/thumb/v6-m/nofp\libgcc.a(divsf3.o)
                              ./obj/pwm.o (__aeabi_fdiv)
d:/tools/armnoneeabi/bin/../lib/gcc/arm-none-eabi/9.3.1/thumb/v6-m/nofp\libgcc.a(eqsf2.o)
                              d:/tools/armnoneeabi/bin/../lib/gcc/arm-none-eabi/9.3.1/thumb/v6-m/nofp\libgcc.a(_arm_cmpsf2.o) (__eqsf2)
d:/tools/armnoneeabi/bin/../lib/gcc/arm-none-eabi/9.3.1/thumb/v6-m/nofp\libgcc.a(gesf2.o)
                              d:/tools/armnoneeabi/bin/../lib/gcc/arm-none-eabi/9.3.1/thumb/v6-m/nofp\libgcc.a(_arm_cmpsf2.o) (__gesf2)
d:/tools/armnoneeabi/bin/../lib/gcc/arm-none-eabi/9.3.1/thumb/v6-m/nofp\libgcc.a(lesf2.o)
                              d:/tools/armnoneeabi/bin/../lib/gcc/arm-none-eabi/9.3.1/thumb/v6-m/nofp\libgcc.a(_arm_cmpsf2.o) (__lesf2)
d:/tools/armnoneeabi/bin/../lib/gcc/arm-none-eabi/9.3.1/thumb/v6-m/nofp\libgcc.a(mulsf3.o)
                              ./obj/timer.o (__aeabi_fmul)
d:/tools/armnoneeabi/bin/../lib/gcc/arm-none-eabi/9.3.1/thumb/v6-m/nofp\libgcc.a(subsf3.o)
                              ./obj/timer.o (__aeabi_fsub)
d:/tools/armnoneeabi/bin/../lib/gcc/arm-none-eabi/9.3.1/thumb/v6-m/nofp\libgcc.a(fixsfsi.o)
                              d:/tools/armnoneeabi/bin/../lib/gcc/arm-none-eabi/9.3.1/thumb/v6-m/nofp\libgcc.a(_fixunssfsi.o) (__aeabi_f2iz)
d:/tools/armnoneeabi/bin/../lib/gcc/arm-none-eabi/9.3.1/thumb/v6-m/nofp\libgcc.a(floatsisf.o)
                              ./obj/pwm.o (__aeabi_i2f)
d:/tools/armnoneeabi/bin/../lib/gcc/arm-none-eabi/9.3.1/thumb/v6-m/nofp\libgcc.a(floatunsisf.o)
                              ./obj/timer.o (__aeabi_ui2f)
d:/tools/armnoneeabi/bin/../lib/gcc/arm-none-eabi/9.3.1/thumb/v6-m/nofp\libgcc.a(eqdf2.o)
                              d:/tools/armnoneeabi/bin/../lib/gcc/arm-none-eabi/9.3.1/thumb/v6-m/nofp\libgcc.a(_arm_cmpdf2.o) (__eqdf2)
d:/tools/armnoneeabi/bin/../lib/gcc/arm-none-eabi/9.3.1/thumb/v6-m/nofp\libgcc.a(gedf2.o)
                              d:/tools/armnoneeabi/bin/../lib/gcc/arm-none-eabi/9.3.1/thumb/v6-m/nofp\libgcc.a(_arm_cmpdf2.o) (__gedf2)
d:/tools/armnoneeabi/bin/../lib/gcc/arm-none-eabi/9.3.1/thumb/v6-m/nofp\libgcc.a(ledf2.o)
                              d:/tools/armnoneeabi/bin/../lib/gcc/arm-none-eabi/9.3.1/thumb/v6-m/nofp\libgcc.a(_arm_cmpdf2.o) (__ledf2)
d:/tools/armnoneeabi/bin/../lib/gcc/arm-none-eabi/9.3.1/thumb/v6-m/nofp\libgcc.a(muldf3.o)
                              ./obj/printf.o (__aeabi_dmul)
d:/tools/armnoneeabi/bin/../lib/gcc/arm-none-eabi/9.3.1/thumb/v6-m/nofp\libgcc.a(subdf3.o)
                              ./obj/printf.o (__aeabi_dsub)
d:/tools/armnoneeabi/bin/../lib/gcc/arm-none-eabi/9.3.1/thumb/v6-m/nofp\libgcc.a(fixdfsi.o)
                              d:/tools/armnoneeabi/bin/../lib/gcc/arm-none-eabi/9.3.1/thumb/v6-m/nofp\libgcc.a(_fixunsdfsi.o) (__aeabi_d2iz)
d:/tools/armnoneeabi/bin/../lib/gcc/arm-none-eabi/9.3.1/thumb/v6-m/nofp\libgcc.a(floatunsidf.o)
                              ./obj/printf.o (__aeabi_ui2d)
d:/tools/armnoneeabi/bin/../lib/gcc/arm-none-eabi/9.3.1/thumb/v6-m/nofp\libgcc.a(_clzsi2.o)
[...]
Memory Configuration

Name             Origin             Length             Attributes
m_interrupts     0x00006800         0x00000400         xr
m_flash_config   0x00006c00         0x00000010         xr
m_text           0x00006c10         0x00008ff0         xr
m_data           0x20000400         0x00001400         rw
*default*        0x00000000         0xffffffff

Linker script and memory map

LOAD d:/tools/armnoneeabi/bin/../lib/gcc/arm-none-eabi/9.3.1/thumb/v6-m/nofp/crti.o
LOAD d:/tools/armnoneeabi/bin/../lib/gcc/arm-none-eabi/9.3.1/thumb/v6-m/nofp/crtbegin.o
LOAD d:/tools/armnoneeabi/bin/../lib/gcc/arm-none-eabi/9.3.1/../../../../arm-none-eabi/lib/thumb/v6-m/nofp/crt0.o
LOAD ./obj/i2c.o
LOAD ./obj/system_MKL36Z4.o
LOAD ./obj/timer.o
LOAD ./obj/main.o
LOAD ./obj/flash.o
LOAD ./obj/suart.o
LOAD ./obj/wdog.o
LOAD ./obj/pwm.o
LOAD ./obj/gec.o
LOAD ./obj/uart.o
LOAD ./obj/isr.o
LOAD ./obj/printf.o
LOAD ./obj/incapture.o
LOAD ./obj/startup_MKL36Z4.o
LOAD d:/tools/armnoneeabi/bin/../lib/gcc/arm-none-eabi/9.3.1/../../../../arm-none-eabi/lib/thumb/v6-m/nofp\libstdc++_nano.a
LOAD d:/tools/armnoneeabi/bin/../lib/gcc/arm-none-eabi/9.3.1/../../../../arm-none-eabi/lib/thumb/v6-m/nofp\libm.a
START GROUP
LOAD d:/tools/armnoneeabi/bin/../lib/gcc/arm-none-eabi/9.3.1/thumb/v6-m/nofp\libgcc.a
LOAD d:/tools/armnoneeabi/bin/../lib/gcc/arm-none-eabi/9.3.1/../../../../arm-none-eabi/lib/thumb/v6-m/nofp\libg_nano.a
LOAD d:/tools/armnoneeabi/bin/../lib/gcc/arm-none-eabi/9.3.1/../../../../arm-none-eabi/lib/thumb/v6-m/nofp\libc_nano.a
END GROUP
START GROUP
LOAD d:/tools/armnoneeabi/bin/../lib/gcc/arm-none-eabi/9.3.1/thumb/v6-m/nofp\libgcc.a
LOAD d:/tools/armnoneeabi/bin/../lib/gcc/arm-none-eabi/9.3.1/../../../../arm-none-eabi/lib/thumb/v6-m/nofp\libc_nano.a
LOAD d:/tools/armnoneeabi/bin/../lib/gcc/arm-none-eabi/9.3.1/../../../../arm-none-eabi/lib/thumb/v6-m/nofp\libnosys.a
END GROUP
START GROUP
LOAD d:/tools/armnoneeabi/bin/../lib/gcc/arm-none-eabi/9.3.1/thumb/v6-m/nofp\libgcc.a
LOAD d:/tools/armnoneeabi/bin/../lib/gcc/arm-none-eabi/9.3.1/../../../../arm-none-eabi/lib/thumb/v6-m/nofp\libc_nano.a
LOAD d:/tools/armnoneeabi/bin/../lib/gcc/arm-none-eabi/9.3.1/../../../../arm-none-eabi/lib/thumb/v6-m/nofp\libnosys.a
END GROUP
LOAD d:/tools/armnoneeabi/bin/../lib/gcc/arm-none-eabi/9.3.1/thumb/v6-m/nofp/crtend.o
LOAD d:/tools/armnoneeabi/bin/../lib/gcc/arm-none-eabi/9.3.1/thumb/v6-m/nofp/crtn.o
                0x00000200                HEAP_SIZE = DEFINED (__heap_size__)?__heap_size__:0x200
                0x00000100                STACK_SIZE = DEFINED (__stack_size__)?__stack_size__:0x100
                0x00000400                MCU_SECTORSIZE = 0x400
                0x00000000                MCU_FLASH_ADDR_START = 0x0
                0x0000001a                GEC_USER_SECTOR_START = 0x1a
                0x0000003e                GEC_USER_SECTOR_END = 0x3e
                0x20000400                GEC_USER_RAM_START = 0x20000400
                0x200017ff                GEC_USER_RAM_END = 0x200017ff

.interrupts     0x00006800       0xc0
                0x00006800                __VECTOR_TABLE = .
                0x00006800                . = ALIGN (0x4)
 *(.isr_vector)
 .isr_vector    0x00006800       0xc0 ./obj/startup_MKL36Z4.o
                0x00006800                __isr_vector
                0x000068c0                . = ALIGN (0x4)

.flash_config   0x00006c00       0x10
                0x00006c00                . = ALIGN (0x4)
 *(.FlashConfig)
 .FlashConfig   0x00006c00       0x10 ./obj/startup_MKL36Z4.o
                0x00006c10                . = ALIGN (0x4)

.text           0x00006c10     0x3ab4
                0x00006c10                . = ALIGN (0x4)
 *(.text)
 .text          0x00006c10       0x48 d:/tools/armnoneeabi/bin/../lib/gcc/arm-none-eabi/9.3.1/thumb/v6-m/nofp/crtbegin.o
 .text          0x00006c58       0x50 ./obj/startup_MKL36Z4.o
                0x00006c58                Reset_Handler
                0x00006ca0                SysTick_Handler
                0x00006ca0                PendSV_Handler
                0x00006ca0                NMI_Handler
                0x00006ca0                UART1_IRQHandler
                0x00006ca0                DMA2_IRQHandler
                0x00006ca0                TPM0_IRQHandler
                0x00006ca0                I2S0_IRQHandler
                0x00006ca0                LLWU_IRQHandler
                0x00006ca0                TSI0_IRQHandler
                0x00006ca0                UART0_IRQHandler
                0x00006ca0                ADC0_IRQHandler
                0x00006ca0                SPI1_IRQHandler
                0x00006ca0                DefaultISR
                0x00006ca0                TPM2_IRQHandler
                0x00006ca0                RTC_IRQHandler
                0x00006ca0                HardFault_Handler
                0x00006ca0                LCD_IRQHandler
                0x00006ca0                RTC_Seconds_IRQHandler
                0x00006ca0                MCG_IRQHandler
                0x00006ca0                UART2_IRQHandler
                0x00006ca0                Reserved20_IRQHandler
                0x00006ca0                PIT_IRQHandler
                0x00006ca0                SVC_Handler
                0x00006ca0                DMA3_IRQHandler
                0x00006ca0                DMA0_IRQHandler
                0x00006ca0                DAC0_IRQHandler
                0x00006ca0                TPM1_IRQHandler
                0x00006ca0                LVD_LVW_IRQHandler
                0x00006ca0                SPI0_IRQHandler
                0x00006ca0                PORTA_IRQHandler
                0x00006ca0                FTFA_IRQHandler
                0x00006ca0                Reserved40_IRQHandler
                0x00006ca0                LPTMR0_IRQHandler
                0x00006ca0                CMP0_IRQHandler
                0x00006ca0                DMA1_IRQHandler
 .text          0x00006ca8      0x114 d:/tools/armnoneeabi/bin/../lib/gcc/arm-none-eabi/9.3.1/thumb/v6-m/nofp\libgcc.a(_udivsi3.o)
                0x00006ca8                __aeabi_uidiv
                0x00006ca8                __udivsi3
                0x00006db4                __aeabi_uidivmod
 .text          0x00006dbc      0x1d4 d:/tools/armnoneeabi/bin/../lib/gcc/arm-none-eabi/9.3.1/thumb/v6-m/nofp\libgcc.a(_divsi3.o)
                0x00006dbc                __divsi3
                0x00006dbc                __aeabi_idiv
                0x00006f88                __aeabi_idivmod
 .text          0x00006f90        0x4 d:/tools/armnoneeabi/bin/../lib/gcc/arm-none-eabi/9.3.1/thumb/v6-m/nofp\libgcc.a(_dvmd_tls.o)
                0x00006f90                __aeabi_idiv0
                0x00006f90                __aeabi_ldiv0
 .text          0x00006f94       0x7c d:/tools/armnoneeabi/bin/../lib/gcc/arm-none-eabi/9.3.1/thumb/v6-m/nofp\libgcc.a(_arm_cmpdf2.o)
                0x00006f94                __aeabi_cdrcmple
                0x00006fa4                __aeabi_cdcmple
                0x00006fa4                __aeabi_cdcmpeq
                0x00006fb4                __aeabi_dcmpeq
                0x00006fc0                __aeabi_dcmplt
                0x00006fd4                __aeabi_dcmple
                0x00006fe8                __aeabi_dcmpgt
                0x00006ffc                __aeabi_dcmpge
 .text          0x00007010       0x40 d:/tools/armnoneeabi/bin/../lib/gcc/arm-none-eabi/9.3.1/thumb/v6-m/nofp\libgcc.a(_aeabi_uldivmod.o)
                0x00007010                __aeabi_uldivmod
 .text          0x00007050       0x3c d:/tools/armnoneeabi/bin/../lib/gcc/arm-none-eabi/9.3.1/thumb/v6-m/nofp\libgcc.a(_fixunsdfsi.o)
                0x00007050                __aeabi_d2uiz
                0x00007050                __fixunsdfsi
 .text          0x0000708c       0x3c d:/tools/armnoneeabi/bin/../lib/gcc/arm-none-eabi/9.3.1/thumb/v6-m/nofp\libgcc.a(_fixunsdfdi.o)
                0x0000708c                __fixunsdfdi
                0x0000708c                __aeabi_d2ulz
 .text          0x000070c8      0x198 d:/tools/armnoneeabi/bin/../lib/gcc/arm-none-eabi/9.3.1/thumb/v6-m/nofp\libgcc.a(_udivmoddi4.o)
                0x000070c8                __udivmoddi4
 .text          0x00007260       0x78 d:/tools/armnoneeabi/bin/../lib/gcc/arm-none-eabi/9.3.1/thumb/v6-m/nofp\libgcc.a(eqdf2.o)
                0x00007260                __nedf2
                0x00007260                __eqdf2
 .text          0x000072d8       0xe4 d:/tools/armnoneeabi/bin/../lib/gcc/arm-none-eabi/9.3.1/thumb/v6-m/nofp\libgcc.a(gedf2.o)
                0x000072d8                __gedf2
                0x000072d8                __gtdf2
 .text          0x000073bc       0xe0 d:/tools/armnoneeabi/bin/../lib/gcc/arm-none-eabi/9.3.1/thumb/v6-m/nofp\libgcc.a(ledf2.o)
                0x000073bc                __ledf2
                0x000073bc                __ltdf2
 .text          0x0000749c      0x4d8 d:/tools/armnoneeabi/bin/../lib/gcc/arm-none-eabi/9.3.1/thumb/v6-m/nofp\libgcc.a(muldf3.o)
                0x0000749c                __aeabi_dmul
 .text          0x00007974      0x724 d:/tools/armnoneeabi/bin/../lib/gcc/arm-none-eabi/9.3.1/thumb/v6-m/nofp\libgcc.a(subdf3.o)
                0x00007974                __aeabi_dsub
 .text          0x00008098       0x6c d:/tools/armnoneeabi/bin/../lib/gcc/arm-none-eabi/9.3.1/thumb/v6-m/nofp\libgcc.a(fixdfsi.o)
                0x00008098                __aeabi_d2iz
 .text          0x00008104       0x4c d:/tools/armnoneeabi/bin/../lib/gcc/arm-none-eabi/9.3.1/thumb/v6-m/nofp\libgcc.a(floatunsidf.o)
                0x00008104                __aeabi_ui2d
 .text          0x00008150       0x3c d:/tools/armnoneeabi/bin/../lib/gcc/arm-none-eabi/9.3.1/thumb/v6-m/nofp\libgcc.a(_clzsi2.o)
                0x00008150                __clzsi2
 .text          0x0000818c       0x18 d:/tools/armnoneeabi/bin/../lib/gcc/arm-none-eabi/9.3.1/thumb/v6-m/nofp\libgcc.a(_clzdi2.o)
                0x0000818c                __clzdi2
 .text          0x000081a4        0xe d:/tools/armnoneeabi/bin/../lib/gcc/arm-none-eabi/9.3.1/../../../../arm-none-eabi/lib/thumb/v6-m/nofp\libg_nano.a(lib_a-strlen.o)
                0x000081a4                strlen
 *(.text*)
 *fill*         0x000081b2        0x2 
 .text.NVIC_EnableIRQ
                0x000081b4       0x2c ./obj/i2c.o
 .text.NVIC_DisableIRQ
                0x000081e0       0x2c ./obj/i2c.o
 .text.i2c_init
                0x0000820c      0x170 ./obj/i2c.o
                0x0000820c                i2c_init
 .text.i2c_writeN
                0x0000837c      0x10e ./obj/i2c.o
                0x0000837c                i2c_writeN
 *fill*         0x0000848a        0x2 
 .text.i2c_enable_re_int
                0x0000848c       0x58 ./obj/i2c.o
                0x0000848c                i2c_enable_re_int
 .text.i2c_disable_re_int
                0x000084e4       0x48 ./obj/i2c.o
                0x000084e4                i2c_disable_re_int
 .text.i2c_clear_re_int
                0x0000852c       0x34 ./obj/i2c.o
                0x0000852c                i2c_clear_re_int
 .text.i2c_wait
                0x00008560       0x78 ./obj/i2c.o
                0x00008560                i2c_wait
 .text.i2c_read
                0x000085d8       0x34 ./obj/i2c.o
                0x000085d8                i2c_read
 .text.i2c_write
                0x0000860c       0x34 ./obj/i2c.o
                0x0000860c                i2c_write
 .text.i2c_stop
                0x00008640       0x44 ./obj/i2c.o
                0x00008640                i2c_stop
 .text.i2c_start
                0x00008684       0x44 ./obj/i2c.o
                0x00008684                i2c_start
 .text.i2c_get_ack
                0x000086c8       0x38 ./obj/i2c.o
                0x000086c8                i2c_get_ack
 .text.i2c_recv
                0x00008700       0x5c ./obj/i2c.o
                0x00008700                i2c_recv
 .text.i2c_send
                0x0000875c       0xb0 ./obj/i2c.o
                0x0000875c                i2c_send
 .text.SystemInit
                0x0000880c      0x118 ./obj/system_MKL36Z4.o
                0x0000880c                SystemInit
 .text.main     0x00008924      0x118 ./obj/main.o
                0x00008924                main
 .text.delay_ms
                0x00008a3c       0x2c ./obj/main.o
                0x00008a3c                delay_ms
 .text.flash_erase
                0x00008a68       0x98 ./obj/flash.o
                0x00008a68                flash_erase
 .text.flash_write_physical
                0x00008b00       0x90 ./obj/flash.o
                0x00008b00                flash_write_physical
 .text.flash_read_physical
                0x00008b90       0x28 ./obj/flash.o
                0x00008b90                flash_read_physical
 .text.flash_isempty
                0x00008bb8       0x72 ./obj/flash.o
                0x00008bb8                flash_isempty
 *fill*         0x00008c2a        0x2 
 .text.flash_cmd_launch
                0x00008c2c       0x68 ./obj/flash.o
                0x00008c2c                flash_cmd_launch
 .text.NVIC_EnableIRQ
                0x00008c94       0x2c ./obj/suart.o
 .text.suart_init
                0x00008cc0      0x154 ./obj/suart.o
                0x00008cc0                suart_init
 .text.suart_set
                0x00008e14       0x9c ./obj/suart.o
                0x00008e14                suart_set
 .text.suart_get
                0x00008eb0       0x40 ./obj/suart.o
                0x00008eb0                suart_get
 .text.suart_send
                0x00008ef0      0x278 ./obj/suart.o
                0x00008ef0                suart_send
 .text.suart_receive
                0x00009168      0x364 ./obj/suart.o
                0x00009168                suart_receive
 .text.suart_enable_receive_interupt
                0x000094cc       0xe8 ./obj/suart.o
                0x000094cc                suart_enable_receive_interupt
 .text.suart_get_port_pin
                0x000095b4       0x30 ./obj/suart.o
                0x000095b4                suart_get_port_pin
 .text.wdog_stop
                0x000095e4       0x20 ./obj/wdog.o
                0x000095e4                wdog_stop
 .text.Vectors_Init
                0x00009604       0xd4 ./obj/gec.o
                0x00009604                Vectors_Init
 .text.uart_send1
                0x000096d8       0xac ./obj/uart.o
                0x000096d8                uart_send1
 .text.uart_is_uartNo
                0x00009784       0x20 ./obj/uart.o
                0x00009784                uart_is_uartNo
 .text.PORTC_PORTD_IRQHandler
                0x000097a4       0x44 ./obj/isr.o
                0x000097a4                PORTC_PORTD_IRQHandler
 .text.I2C0_IRQHandler
                0x000097e8       0x88 ./obj/isr.o
                0x000097e8                I2C0_IRQHandler
 .text.I2C1_IRQHandler
                0x00009870       0x88 ./obj/isr.o
                0x00009870                I2C1_IRQHandler
 .text.out_char
                0x000098f8       0x20 ./obj/printf.o
                0x000098f8                out_char
 .text.printk_putc
                0x00009918       0x4c ./obj/printf.o
 .text.printk_mkfloatstr
                0x00009964      0x278 ./obj/printf.o
                0x00009964                printk_mkfloatstr
 .text.printk_mknumstr
                0x00009bdc       0xf8 ./obj/printf.o
 .text.printk_pad_zero
                0x00009cd4       0x34 ./obj/printf.o
 .text.printk_pad_space
                0x00009d08       0x34 ./obj/printf.o
 .text.printk   0x00009d3c      0x714 ./obj/printf.o
                0x00009d3c                printk
 .text.myprintf
                0x0000a450       0x3c ./obj/printf.o
                0x0000a450                myprintf
 .text.memcpy   0x0000a48c       0x12 d:/tools/armnoneeabi/bin/../lib/gcc/arm-none-eabi/9.3.1/../../../../arm-none-eabi/lib/thumb/v6-m/nofp\libg_nano.a(lib_a-memcpy-stub.o)
                0x0000a48c                memcpy
 .text.memset   0x0000a49e       0x10 d:/tools/armnoneeabi/bin/../lib/gcc/arm-none-eabi/9.3.1/../../../../arm-none-eabi/lib/thumb/v6-m/nofp\libg_nano.a(lib_a-memset.o)
                0x0000a49e                memset
 *(.rodata)
 *fill*         0x0000a4ae        0x2 
 .rodata        0x0000a4b0       0x2b ./obj/main.o
 *fill*         0x0000a4db        0x1 
 .rodata        0x0000a4dc       0x4b ./obj/suart.o
 *fill*         0x0000a527        0x1 
 .rodata        0x0000a528       0x48 ./obj/gec.o
 .rodata        0x0000a570       0x1d ./obj/isr.o
 *fill*         0x0000a58d        0x3 
 .rodata        0x0000a590       0x40 d:/tools/armnoneeabi/bin/../lib/gcc/arm-none-eabi/9.3.1/thumb/v6-m/nofp\libgcc.a(muldf3.o)
 *(.rodata*)
 .rodata.I2C_BASE_TABLE
                0x0000a5d0        0x8 ./obj/i2c.o
 .rodata.I2C_IRQ_TABLE
                0x0000a5d8        0x2 ./obj/i2c.o
 *fill*         0x0000a5da        0x2 
 .rodata.UART_ARR
                0x0000a5dc        0x8 ./obj/uart.o
                0x0000a5dc                UART_ARR
 .rodata.printk
                0x0000a5e4       0xc8 ./obj/printf.o
 *(.glue_7)
 .glue_7        0x0000a6ac        0x0 linker stubs
 *(.glue_7t)
 .glue_7t       0x0000a6ac        0x0 linker stubs
 *(.eh_frame)
 .eh_frame      0x0000a6ac        0x0 d:/tools/armnoneeabi/bin/../lib/gcc/arm-none-eabi/9.3.1/thumb/v6-m/nofp/crtbegin.o
 *(.init)
 .init          0x0000a6ac        0x4 d:/tools/armnoneeabi/bin/../lib/gcc/arm-none-eabi/9.3.1/thumb/v6-m/nofp/crti.o
                0x0000a6ac                _init
 .init          0x0000a6b0        0x8 d:/tools/armnoneeabi/bin/../lib/gcc/arm-none-eabi/9.3.1/thumb/v6-m/nofp/crtn.o
 *(.fini)
 .fini          0x0000a6b8        0x4 d:/tools/armnoneeabi/bin/../lib/gcc/arm-none-eabi/9.3.1/thumb/v6-m/nofp/crti.o
                0x0000a6b8                _fini
 .fini          0x0000a6bc        0x8 d:/tools/armnoneeabi/bin/../lib/gcc/arm-none-eabi/9.3.1/thumb/v6-m/nofp/crtn.o
                0x0000a6c4                . = ALIGN (0x4)

.vfp11_veneer   0x0000a6c4        0x0
 .vfp11_veneer  0x0000a6c4        0x0 linker stubs

.v4_bx          0x0000a6c4        0x0
 .v4_bx         0x0000a6c4        0x0 linker stubs

.iplt           0x0000a6c4        0x0
 .iplt          0x0000a6c4        0x0 d:/tools/armnoneeabi/bin/../lib/gcc/arm-none-eabi/9.3.1/thumb/v6-m/nofp/crtbegin.o

.ARM.extab
 *(.ARM.extab* .gnu.linkonce.armextab.*)

.ARM            0x0000a6c4        0x8
                0x0000a6c4                __exidx_start = .
 *(.ARM.exidx*)
 .ARM.exidx     0x0000a6c4        0x8 d:/tools/armnoneeabi/bin/../lib/gcc/arm-none-eabi/9.3.1/thumb/v6-m/nofp\libgcc.a(_udivmoddi4.o)
                0x0000a6cc                __exidx_end = .

.rel.dyn        0x0000a6cc        0x0
 .rel.iplt      0x0000a6cc        0x0 d:/tools/armnoneeabi/bin/../lib/gcc/arm-none-eabi/9.3.1/thumb/v6-m/nofp/crtbegin.o

.ctors          0x0000a6cc        0x0
                0x0000a6cc                __CTOR_LIST__ = .
 *crtbegin.o(.ctors)
 *crtbegin?.o(.ctors)
 *(EXCLUDE_FILE(*crtend.o *crtend?.o) .ctors)
 *(SORT_BY_NAME(.ctors.*))
 *(.ctors)
                0x0000a6cc                __CTOR_END__ = .

.dtors          0x0000a6cc        0x0
                0x0000a6cc                __DTOR_LIST__ = .
 *crtbegin.o(.dtors)
 *crtbegin?.o(.dtors)
 *(EXCLUDE_FILE(*crtend.o *crtend?.o) .dtors)
 *(SORT_BY_NAME(.dtors.*))
 *(.dtors)
                0x0000a6cc                __DTOR_END__ = .

.preinit_array  0x0000a6cc        0x0
                0x0000a6cc                PROVIDE (__preinit_array_start = .)
 *(.preinit_array*)
                0x0000a6cc                PROVIDE (__preinit_array_end = .)

.init_array     0x0000a6cc        0x4
                0x0000a6cc                PROVIDE (__init_array_start = .)
 *(SORT_BY_NAME(.init_array.*))
 *(.init_array*)
 .init_array    0x0000a6cc        0x4 d:/tools/armnoneeabi/bin/../lib/gcc/arm-none-eabi/9.3.1/thumb/v6-m/nofp/crtbegin.o
                0x0000a6d0                PROVIDE (__init_array_end = .)

.fini_array     0x0000a6d0        0x4
                [!provide]                PROVIDE (__fini_array_start = .)
 *(SORT_BY_NAME(.fini_array.*))
 *(.fini_array*)
 .fini_array    0x0000a6d0        0x4 d:/tools/armnoneeabi/bin/../lib/gcc/arm-none-eabi/9.3.1/thumb/v6-m/nofp/crtbegin.o
                [!provide]                PROVIDE (__fini_array_end = .)
                0x0000a6d4                __etext = .
                0x0000a6d4                __DATA_ROM = .

.mtb            0x20000400        0x0
                0x20000400                . = ALIGN (0x8)
                0x20000400                _mtb_start = .
 *(.mtb_buf)
                0x20000400                . = ALIGN (0x8)
                0x20000400                _mtb_end = .

.data           0x20000400        0x0 load address 0x0000a6d4
                0x20000400                . = ALIGN (0x4)
                0x20000400                __DATA_RAM = .
                0x20000400                __data_start__ = .
 *(.data)
 *(.data*)
 *(.jcr*)
                0x20000400                . = ALIGN (0x4)
                0x20000400                __data_end__ = .
                0x0000a6d4                __DATA_END = (__DATA_ROM + (__data_end__ - __data_start__))

.igot.plt       0x20000400        0x0
 .igot.plt      0x20000400        0x0 d:/tools/armnoneeabi/bin/../lib/gcc/arm-none-eabi/9.3.1/thumb/v6-m/nofp/crtbegin.o

.bss            0x20000400       0x9c
                0x20000400                . = ALIGN (0x4)
                0x20000400                __START_BSS = .
                0x20000400                __bss_start__ = .
 *(.bss)
 .bss           0x20000400       0x1c d:/tools/armnoneeabi/bin/../lib/gcc/arm-none-eabi/9.3.1/thumb/v6-m/nofp/crtbegin.o
 *(.bss*)
 .bss.index.5600
                0x2000041c        0x4 ./obj/i2c.o
 .bss.isMe.5490
                0x20000420        0x1 ./obj/isr.o
 .bss.isMe.5495
                0x20000421        0x1 ./obj/isr.o
 *(COMMON)
 *fill*         0x20000422        0x2 
 COMMON         0x20000424        0x5 ./obj/i2c.o
                0x20000424                component_fun
                0x20000428                ModeSelect
 *fill*         0x20000429        0x3 
 COMMON         0x2000042c       0x6d ./obj/main.o
                0x2000042c                gRecvBuff
                0x20000490                i2c_m1_addr
                0x20000491                gSuartSendFlag
                0x20000494                gTime
                0x20000497                gI2CSendFlag
                0x20000498                i2c_m0_addr
                0x2000049c                . = ALIGN (0x4)
 *fill*         0x20000499        0x3 
                0x2000049c                __bss_end__ = .
                0x2000049c                __END_BSS = .

.heap           0x2000049c      0x204
                0x200004a0                . = ALIGN (0x8)
 *fill*         0x2000049c        0x4 
                0x200004a0                __end__ = .
                [!provide]                PROVIDE (end = .)
                0x200004a0                __HeapBase = .
                0x200006a0                . = (. + HEAP_SIZE)
 *fill*         0x200004a0      0x200 
                0x200006a0                __HeapLimit = .

.stack          0x200006a0      0x100
                0x200006a0                . = ALIGN (0x8)
                0x200007a0                . = (. + STACK_SIZE)
 *fill*         0x200006a0      0x100 
                0x20001800                __StackTop = (ORIGIN (m_data) + LENGTH (m_data))
                0x20001700                __StackLimit = (__StackTop - STACK_SIZE)
                0x20001800                PROVIDE (__stack = __StackTop)

.ARM.attributes
                0x00000000       0x28
 *(.ARM.attributes)
 .ARM.attributes
                0x00000000       0x1e d:/tools/armnoneeabi/bin/../lib/gcc/arm-none-eabi/9.3.1/thumb/v6-m/nofp/crti.o
 .ARM.attributes
                0x0000001e       0x2c d:/tools/armnoneeabi/bin/../lib/gcc/arm-none-eabi/9.3.1/thumb/v6-m/nofp/crtbegin.o
 .ARM.attributes
                0x0000004a       0x2c ./obj/i2c.o
 .ARM.attributes
                0x00000076       0x2c ./obj/system_MKL36Z4.o
 .ARM.attributes
                0x000000a2       0x2c ./obj/main.o
 .ARM.attributes
                0x000000ce       0x2c ./obj/flash.o
 .ARM.attributes
                0x000000fa       0x2c ./obj/suart.o
 .ARM.attributes
                0x00000126       0x2c ./obj/wdog.o
 .ARM.attributes
                0x00000152       0x2c ./obj/gec.o
 .ARM.attributes
                0x0000017e       0x2c ./obj/uart.o
 .ARM.attributes
                0x000001aa       0x2c ./obj/isr.o
 .ARM.attributes
                0x000001d6       0x2c ./obj/printf.o
 .ARM.attributes
                0x00000202       0x1b ./obj/startup_MKL36Z4.o
 .ARM.attributes
                0x0000021d       0x1e d:/tools/armnoneeabi/bin/../lib/gcc/arm-none-eabi/9.3.1/thumb/v6-m/nofp\libgcc.a(_udivsi3.o)
 .ARM.attributes
                0x0000023b       0x1e d:/tools/armnoneeabi/bin/../lib/gcc/arm-none-eabi/9.3.1/thumb/v6-m/nofp\libgcc.a(_divsi3.o)
 .ARM.attributes
                0x00000259       0x1e d:/tools/armnoneeabi/bin/../lib/gcc/arm-none-eabi/9.3.1/thumb/v6-m/nofp\libgcc.a(_dvmd_tls.o)
 .ARM.attributes
                0x00000277       0x1e d:/tools/armnoneeabi/bin/../lib/gcc/arm-none-eabi/9.3.1/thumb/v6-m/nofp\libgcc.a(_arm_cmpdf2.o)
 .ARM.attributes
                0x00000295       0x1e d:/tools/armnoneeabi/bin/../lib/gcc/arm-none-eabi/9.3.1/thumb/v6-m/nofp\libgcc.a(_aeabi_uldivmod.o)
 .ARM.attributes
                0x000002b3       0x2c d:/tools/armnoneeabi/bin/../lib/gcc/arm-none-eabi/9.3.1/thumb/v6-m/nofp\libgcc.a(_fixunsdfsi.o)
 .ARM.attributes
                0x000002df       0x2c d:/tools/armnoneeabi/bin/../lib/gcc/arm-none-eabi/9.3.1/thumb/v6-m/nofp\libgcc.a(_fixunsdfdi.o)
 .ARM.attributes
                0x0000030b       0x2c d:/tools/armnoneeabi/bin/../lib/gcc/arm-none-eabi/9.3.1/thumb/v6-m/nofp\libgcc.a(_udivmoddi4.o)
 .ARM.attributes
                0x00000337       0x2c d:/tools/armnoneeabi/bin/../lib/gcc/arm-none-eabi/9.3.1/thumb/v6-m/nofp\libgcc.a(eqdf2.o)
 .ARM.attributes
                0x00000363       0x2c d:/tools/armnoneeabi/bin/../lib/gcc/arm-none-eabi/9.3.1/thumb/v6-m/nofp\libgcc.a(gedf2.o)
 .ARM.attributes
                0x0000038f       0x2c d:/tools/armnoneeabi/bin/../lib/gcc/arm-none-eabi/9.3.1/thumb/v6-m/nofp\libgcc.a(ledf2.o)
 .ARM.attributes
                0x000003bb       0x2c d:/tools/armnoneeabi/bin/../lib/gcc/arm-none-eabi/9.3.1/thumb/v6-m/nofp\libgcc.a(muldf3.o)
 .ARM.attributes
                0x000003e7       0x2c d:/tools/armnoneeabi/bin/../lib/gcc/arm-none-eabi/9.3.1/thumb/v6-m/nofp\libgcc.a(subdf3.o)
 .ARM.attributes
                0x00000413       0x2c d:/tools/armnoneeabi/bin/../lib/gcc/arm-none-eabi/9.3.1/thumb/v6-m/nofp\libgcc.a(fixdfsi.o)
 .ARM.attributes
                0x0000043f       0x2c d:/tools/armnoneeabi/bin/../lib/gcc/arm-none-eabi/9.3.1/thumb/v6-m/nofp\libgcc.a(floatunsidf.o)
 .ARM.attributes
                0x0000046b       0x1e d:/tools/armnoneeabi/bin/../lib/gcc/arm-none-eabi/9.3.1/thumb/v6-m/nofp\libgcc.a(_clzsi2.o)
 .ARM.attributes
                0x00000489       0x1e d:/tools/armnoneeabi/bin/../lib/gcc/arm-none-eabi/9.3.1/thumb/v6-m/nofp\libgcc.a(_clzdi2.o)
 .ARM.attributes
                0x000004a7       0x2c d:/tools/armnoneeabi/bin/../lib/gcc/arm-none-eabi/9.3.1/../../../../arm-none-eabi/lib/thumb/v6-m/nofp\libg_nano.a(lib_a-memcpy-stub.o)
 .ARM.attributes
                0x000004d3       0x2c d:/tools/armnoneeabi/bin/../lib/gcc/arm-none-eabi/9.3.1/../../../../arm-none-eabi/lib/thumb/v6-m/nofp\libg_nano.a(lib_a-memset.o)
 .ARM.attributes
                0x000004ff       0x1c d:/tools/armnoneeabi/bin/../lib/gcc/arm-none-eabi/9.3.1/../../../../arm-none-eabi/lib/thumb/v6-m/nofp\libg_nano.a(lib_a-strlen.o)
 .ARM.attributes
                0x0000051b       0x1e d:/tools/armnoneeabi/bin/../lib/gcc/arm-none-eabi/9.3.1/thumb/v6-m/nofp/crtn.o
                0x00000001                ASSERT ((__StackLimit >= __HeapLimit), region m_data overflowed with stack and heap)
OUTPUT(I2C_实现基本功能.elf elf32-littlearm)
LOAD linker stubs

.debug_info     0x00000000     0x8a0e
 .debug_info    0x00000000     0x1635 ./obj/i2c.o
 .debug_info    0x00001635      0x440 ./obj/system_MKL36Z4.o
 .debug_info    0x00001a75      0xa87 ./obj/main.o
 .debug_info    0x000024fc      0xfb2 ./obj/flash.o
 .debug_info    0x000034ae     0x1101 ./obj/suart.o
 .debug_info    0x000045af      0xb9a ./obj/wdog.o
 .debug_info    0x00005149      0xae8 ./obj/gec.o
 .debug_info    0x00005c31     0x13da ./obj/uart.o
 .debug_info    0x0000700b      0xa97 ./obj/isr.o
 .debug_info    0x00007aa2      0xf46 ./obj/printf.o
 .debug_info    0x000089e8       0x26 ./obj/startup_MKL36Z4.o

.debug_abbrev   0x00000000     0x1aab
 .debug_abbrev  0x00000000      0x39b ./obj/i2c.o
 .debug_abbrev  0x0000039b      0x101 ./obj/system_MKL36Z4.o
 .debug_abbrev  0x0000049c      0x24f ./obj/main.o
 .debug_abbrev  0x000006eb      0x371 ./obj/flash.o
 .debug_abbrev  0x00000a5c      0x30e ./obj/suart.o
 .debug_abbrev  0x00000d6a      0x234 ./obj/wdog.o
 .debug_abbrev  0x00000f9e      0x215 ./obj/gec.o
 .debug_abbrev  0x000011b3      0x3b9 ./obj/uart.o
 .debug_abbrev  0x0000156c      0x233 ./obj/isr.o
 .debug_abbrev  0x0000179f      0x2f8 ./obj/printf.o
 .debug_abbrev  0x00001a97       0x14 ./obj/startup_MKL36Z4.o

.debug_aranges  0x00000000      0x358
 .debug_aranges
                0x00000000       0xd0 ./obj/i2c.o
 .debug_aranges
                0x000000d0       0x20 ./obj/system_MKL36Z4.o
 .debug_aranges
                0x000000f0       0x28 ./obj/main.o
 .debug_aranges
                0x00000118       0x70 ./obj/flash.o
 .debug_aranges
                0x00000188       0x58 ./obj/suart.o
 .debug_aranges
                0x000001e0       0x30 ./obj/wdog.o
 .debug_aranges
                0x00000210       0x20 ./obj/gec.o
 .debug_aranges
                0x00000230       0x80 ./obj/uart.o
 .debug_aranges
                0x000002b0       0x30 ./obj/isr.o
 .debug_aranges
                0x000002e0       0x58 ./obj/printf.o
 .debug_aranges
                0x00000338       0x20 ./obj/startup_MKL36Z4.o

.debug_ranges   0x00000000      0x298
 .debug_ranges  0x00000000       0xc0 ./obj/i2c.o
 .debug_ranges  0x000000c0       0x10 ./obj/system_MKL36Z4.o
 .debug_ranges  0x000000d0       0x18 ./obj/main.o
 .debug_ranges  0x000000e8       0x60 ./obj/flash.o
 .debug_ranges  0x00000148       0x48 ./obj/suart.o
 .debug_ranges  0x00000190       0x20 ./obj/wdog.o
 .debug_ranges  0x000001b0       0x10 ./obj/gec.o
 .debug_ranges  0x000001c0       0x70 ./obj/uart.o
 .debug_ranges  0x00000230       0x20 ./obj/isr.o
 .debug_ranges  0x00000250       0x48 ./obj/printf.o

.debug_macro    0x00000000     0xf694
 .debug_macro   0x00000000      0x24c ./obj/i2c.o
 .debug_macro   0x0000024c      0xb32 ./obj/i2c.o
 .debug_macro   0x00000d7e       0x16 ./obj/i2c.o
 .debug_macro   0x00000d94       0x22 ./obj/i2c.o
 .debug_macro   0x00000db6       0x56 ./obj/i2c.o
 .debug_macro   0x00000e0c       0x51 ./obj/i2c.o
 .debug_macro   0x00000e5d      0x103 ./obj/i2c.o
 .debug_macro   0x00000f60       0x6a ./obj/i2c.o
 .debug_macro   0x00000fca      0x1df ./obj/i2c.o
 .debug_macro   0x000011a9       0x39 ./obj/i2c.o
 .debug_macro   0x000011e2       0x3a ./obj/i2c.o
 .debug_macro   0x0000121c       0x26 ./obj/i2c.o
 .debug_macro   0x00001242      0x306 ./obj/i2c.o
 .debug_macro   0x00001548     0xc3a9 ./obj/i2c.o
 .debug_macro   0x0000d8f1       0x34 ./obj/i2c.o
 .debug_macro   0x0000d925       0x46 ./obj/i2c.o
 .debug_macro   0x0000d96b       0x64 ./obj/i2c.o
 .debug_macro   0x0000d9cf       0x18 ./obj/i2c.o
 .debug_macro   0x0000d9e7       0x35 ./obj/i2c.o
 .debug_macro   0x0000da1c       0x34 ./obj/i2c.o
 .debug_macro   0x0000da50      0x16d ./obj/i2c.o
 .debug_macro   0x0000dbbd       0x16 ./obj/i2c.o
 .debug_macro   0x0000dbd3       0x43 ./obj/i2c.o
 .debug_macro   0x0000dc16       0x34 ./obj/i2c.o
 .debug_macro   0x0000dc4a       0x10 ./obj/i2c.o
 .debug_macro   0x0000dc5a       0x58 ./obj/i2c.o
 .debug_macro   0x0000dcb2      0x182 ./obj/i2c.o
 .debug_macro   0x0000de34      0x35c ./obj/i2c.o
 .debug_macro   0x0000e190       0x10 ./obj/i2c.o
 .debug_macro   0x0000e1a0       0x35 ./obj/i2c.o
 .debug_macro   0x0000e1d5       0x2e ./obj/i2c.o
 .debug_macro   0x0000e203       0x6a ./obj/i2c.o
 .debug_macro   0x0000e26d       0x40 ./obj/i2c.o
 .debug_macro   0x0000e2ad       0x1c ./obj/i2c.o
 .debug_macro   0x0000e2c9       0x22 ./obj/i2c.o
 .debug_macro   0x0000e2eb       0x22 ./obj/i2c.o
 .debug_macro   0x0000e30d       0x82 ./obj/i2c.o
 .debug_macro   0x0000e38f       0x3a ./obj/i2c.o
 .debug_macro   0x0000e3c9       0x16 ./obj/i2c.o
 .debug_macro   0x0000e3df       0x22 ./obj/i2c.o
 .debug_macro   0x0000e401       0x22 ./obj/i2c.o
 .debug_macro   0x0000e423       0x9a ./obj/i2c.o
 .debug_macro   0x0000e4bd       0xa0 ./obj/system_MKL36Z4.o
 .debug_macro   0x0000e55d       0x4b ./obj/system_MKL36Z4.o
 .debug_macro   0x0000e5a8      0x254 ./obj/main.o
 .debug_macro   0x0000e7fc       0x28 ./obj/main.o
 .debug_macro   0x0000e824      0x191 ./obj/flash.o
 .debug_macro   0x0000e9b5       0x64 ./obj/flash.o
 .debug_macro   0x0000ea19      0x257 ./obj/suart.o
 .debug_macro   0x0000ec70      0x191 ./obj/wdog.o
 .debug_macro   0x0000ee01       0x1c ./obj/wdog.o
 .debug_macro   0x0000ee1d      0x24a ./obj/gec.o
 .debug_macro   0x0000f067      0x191 ./obj/uart.o
 .debug_macro   0x0000f1f8      0x24e ./obj/isr.o
 .debug_macro   0x0000f446      0x24e ./obj/printf.o

.debug_line     0x00000000     0x40fd
 .debug_line    0x00000000      0x9ca ./obj/i2c.o
 .debug_line    0x000009ca      0x2d2 ./obj/system_MKL36Z4.o
 .debug_line    0x00000c9c      0x511 ./obj/main.o
 .debug_line    0x000011ad      0x71f ./obj/flash.o
 .debug_line    0x000018cc      0x845 ./obj/suart.o
 .debug_line    0x00002111      0x3a4 ./obj/wdog.o
 .debug_line    0x000024b5      0x4cf ./obj/gec.o
 .debug_line    0x00002984      0x768 ./obj/uart.o
 .debug_line    0x000030ec      0x520 ./obj/isr.o
 .debug_line    0x0000360c      0xa83 ./obj/printf.o
 .debug_line    0x0000408f       0x6e ./obj/startup_MKL36Z4.o

.debug_str      0x00000000    0x4ef94
 .debug_str     0x00000000    0x4e9af ./obj/i2c.o
                              0x4eec5 (size before relaxing)
 .debug_str     0x0004e9af       0x5c ./obj/system_MKL36Z4.o
                              0x4ae9b (size before relaxing)
 .debug_str     0x0004ea0b       0x34 ./obj/main.o
                              0x4e9f7 (size before relaxing)
 .debug_str     0x0004ea3f      0x1d0 ./obj/flash.o
                              0x4e267 (size before relaxing)
 .debug_str     0x0004ec0f       0x82 ./obj/suart.o
                              0x4ec9d (size before relaxing)
 .debug_str     0x0004ec91       0x33 ./obj/wdog.o
                              0x4e0b9 (size before relaxing)
 .debug_str     0x0004ecc4       0x51 ./obj/gec.o
                              0x4ea23 (size before relaxing)
 .debug_str     0x0004ed15      0x10c ./obj/uart.o
                              0x4e42d (size before relaxing)
 .debug_str     0x0004ee21       0x10 ./obj/isr.o
                              0x4ea19 (size before relaxing)
 .debug_str     0x0004ee31      0x13e ./obj/printf.o
                              0x4eb50 (size before relaxing)
 .debug_str     0x0004ef6f       0x25 ./obj/startup_MKL36Z4.o
                                 0x5a (size before relaxing)

.comment        0x00000000       0x4c
 .comment       0x00000000       0x4c ./obj/i2c.o
                                 0x4d (size before relaxing)
 .comment       0x0000004c       0x4d ./obj/system_MKL36Z4.o
 .comment       0x0000004c       0x4d ./obj/main.o
 .comment       0x0000004c       0x4d ./obj/flash.o
 .comment       0x0000004c       0x4d ./obj/suart.o
 .comment       0x0000004c       0x4d ./obj/wdog.o
 .comment       0x0000004c       0x4d ./obj/gec.o
 .comment       0x0000004c       0x4d ./obj/uart.o
 .comment       0x0000004c       0x4d ./obj/isr.o
 .comment       0x0000004c       0x4d ./obj/printf.o

.debug_frame    0x00000000      0x9c8
 .debug_frame   0x00000000      0x21c ./obj/i2c.o
 .debug_frame   0x0000021c       0x20 ./obj/system_MKL36Z4.o
 .debug_frame   0x0000023c       0x40 ./obj/main.o
 .debug_frame   0x0000027c      0x104 ./obj/flash.o
 .debug_frame   0x00000380       0xc8 ./obj/suart.o
 .debug_frame   0x00000448       0x44 ./obj/wdog.o
 .debug_frame   0x0000048c       0x2c ./obj/gec.o
 .debug_frame   0x000004b8      0x13c ./obj/uart.o
 .debug_frame   0x000005f4       0x60 ./obj/isr.o
 .debug_frame   0x00000654       0xe4 ./obj/printf.o
 .debug_frame   0x00000738       0x20 d:/tools/armnoneeabi/bin/../lib/gcc/arm-none-eabi/9.3.1/thumb/v6-m/nofp\libgcc.a(_udivsi3.o)
 .debug_frame   0x00000758       0x20 d:/tools/armnoneeabi/bin/../lib/gcc/arm-none-eabi/9.3.1/thumb/v6-m/nofp\libgcc.a(_divsi3.o)
 .debug_frame   0x00000778       0x2c d:/tools/armnoneeabi/bin/../lib/gcc/arm-none-eabi/9.3.1/thumb/v6-m/nofp\libgcc.a(_fixunsdfsi.o)
 .debug_frame   0x000007a4       0x2c d:/tools/armnoneeabi/bin/../lib/gcc/arm-none-eabi/9.3.1/thumb/v6-m/nofp\libgcc.a(_fixunsdfdi.o)
 .debug_frame   0x000007d0       0x3c d:/tools/armnoneeabi/bin/../lib/gcc/arm-none-eabi/9.3.1/thumb/v6-m/nofp\libgcc.a(_udivmoddi4.o)
 .debug_frame   0x0000080c       0x38 d:/tools/armnoneeabi/bin/../lib/gcc/arm-none-eabi/9.3.1/thumb/v6-m/nofp\libgcc.a(eqdf2.o)
 .debug_frame   0x00000844       0x38 d:/tools/armnoneeabi/bin/../lib/gcc/arm-none-eabi/9.3.1/thumb/v6-m/nofp\libgcc.a(gedf2.o)
 .debug_frame   0x0000087c       0x38 d:/tools/armnoneeabi/bin/../lib/gcc/arm-none-eabi/9.3.1/thumb/v6-m/nofp\libgcc.a(ledf2.o)
 .debug_frame   0x000008b4       0x3c d:/tools/armnoneeabi/bin/../lib/gcc/arm-none-eabi/9.3.1/thumb/v6-m/nofp\libgcc.a(muldf3.o)
 .debug_frame   0x000008f0       0x3c d:/tools/armnoneeabi/bin/../lib/gcc/arm-none-eabi/9.3.1/thumb/v6-m/nofp\libgcc.a(subdf3.o)
 .debug_frame   0x0000092c       0x2c d:/tools/armnoneeabi/bin/../lib/gcc/arm-none-eabi/9.3.1/thumb/v6-m/nofp\libgcc.a(fixdfsi.o)
 .debug_frame   0x00000958       0x28 d:/tools/armnoneeabi/bin/../lib/gcc/arm-none-eabi/9.3.1/thumb/v6-m/nofp\libgcc.a(floatunsidf.o)
 .debug_frame   0x00000980       0x28 d:/tools/armnoneeabi/bin/../lib/gcc/arm-none-eabi/9.3.1/../../../../arm-none-eabi/lib/thumb/v6-m/nofp\libg_nano.a(lib_a-memcpy-stub.o)
 .debug_frame   0x000009a8       0x20 d:/tools/armnoneeabi/bin/../lib/gcc/arm-none-eabi/9.3.1/../../../../arm-none-eabi/lib/thumb/v6-m/nofp\libg_nano.a(lib_a-memset.o)
